=== Sun Mar 29 23:59:01 EDT 2026 每日整理开始 ===
/Users/levi/.openclaw/workspace/00_Overview
/Users/levi/.openclaw/workspace/06_Outputs
/Users/levi/.openclaw/workspace/05_Protocols
/Users/levi/.openclaw/workspace/02_Studies
/Users/levi/.openclaw/workspace/04_PPT
/Users/levi/.openclaw/workspace/珠海中科先进技术研究院/RWE_Oncology_Platform/材料准备/04_沟通模板
/Users/levi/.openclaw/workspace/珠海中科先进技术研究院/RWE_Oncology_Platform/材料准备/05_代码脚本
/Users/levi/.openclaw/workspace/珠海中科先进技术研究院/RWE_Oncology_Platform/材料准备/02_论文材料
/Users/levi/.openclaw/workspace/珠海中科先进技术研究院/RWE_Oncology_Platform/材料准备/03_项目提案
/Users/levi/.openclaw/workspace/珠海中科先进技术研究院/RWE_Oncology_Platform/材料准备/01_PPT演示
/Users/levi/.openclaw/workspace/珠海中科先进技术研究院/00_Overview
/Users/levi/.openclaw/workspace/珠海中科先进技术研究院/材料准备/科研成果/论文全文
/Users/levi/.openclaw/workspace/珠海中科先进技术研究院/材料准备/学历学位证书/硕士学位证书
/Users/levi/.openclaw/workspace/珠海中科先进技术研究院/材料准备/学历学位证书/本科学位证书
/Users/levi/.openclaw/workspace/珠海中科先进技术研究院/材料准备/学历学位证书/博士证书
/Users/levi/.openclaw/workspace/珠海中科先进技术研究院/材料准备/学历学位证书/海外学历认证
/Users/levi/.openclaw/workspace/珠海中科先进技术研究院/材料准备/科研成果tmp
/Users/levi/.openclaw/workspace/珠海中科先进技术研究院/00_关于
/Users/levi/.openclaw/workspace/03_Papers
?? memory/daily_cleanup.log
=== 整理完成 ===
